# Tests find path on smallGraph.

# Load smallGraph.tsv
loaded graph smallGraph

# Find minimum-cost path from NodeA to NodeB and from NodeB to NodeA
path from NodeA to NodeB:
NodeA to NodeB with weight 1.000
total cost: 1.000
path from NodeB to NodeA:
NodeB to NodeA with weight 1.000
total cost: 1.000